<html>
<body>
<pre>
<h1>µVision Build Log</h1>
<h2>Tool Versions:</h2>
IDE-Version: ¦ÌVision V5.23.0.0
Copyright (C) 2017 ARM Ltd and ARM Germany GmbH. All rights reserved.
License Information: xxxlzjxxx xxxlzjxxx, HYOC, LIC=Z3CWF-6740A-662QS-L024I-1PV1A-LFZDN
 
Tool Versions:
Toolchain:       MDK-ARM Professional  Version: 5.23
Toolchain Path:  D:\Keil_v5\ARM\ARMCC\Bin
C Compiler:      Armcc.exe V5.06 update 4 (build 422)
Assembler:       Armasm.exe V5.06 update 4 (build 422)
Linker/Locator:  ArmLink.exe V5.06 update 4 (build 422)
Library Manager: ArmAr.exe V5.06 update 4 (build 422)
Hex Converter:   FromElf.exe V5.06 update 4 (build 422)
CPU DLL:         SARMCM3.DLL V5.23
Dialog DLL:      DCM.DLL V1.15.0.0
Target DLL:      STLink\ST-LINKIII-KEIL_SWO.dll V2.0.18.0
Dialog DLL:      TCM.DLL V1.27.0.0
 
<h2>Project:</h2>
H:\TFT-ILI9488-TEST\SOFTWARE\F407_PACK_V11A-ILI9488\USER\LCD.uvprojx
Project File Date:  06/04/2018

<h2>Output:</h2>
*** Using Compiler 'V5.06 update 4 (build 422)', folder: 'D:\Keil_v5\ARM\ARMCC\Bin'
Build target 'LCD'
compiling ili9488.c...
..\HARDWARE\LCD\ili9488.c(162): warning:  #550-D: variable "b"  was set but never used
   	u16 r=0,g=0,b=0;
..\HARDWARE\LCD\ili9488.c(201): warning:  #177-D: variable "temp"  was declared but never referenced
  	u16 temp;  
..\HARDWARE\LCD\ili9488.c(572): warning:  #177-D: variable "index"  was declared but never referenced
  	u32 index=0;      
..\HARDWARE\LCD\ili9488.c(573): warning:  #177-D: variable "totalpoint"  was declared but never referenced
  	u32 totalpoint;
..\HARDWARE\LCD\ili9488.c(616): warning:  #177-D: variable "j"  was declared but never referenced
  	u16 i,j;
..\HARDWARE\LCD\ili9488.c(617): warning:  #550-D: variable "xlen"  was set but never used
  	u16 xlen=0;
..\HARDWARE\LCD\ili9488.c(618): warning:  #177-D: variable "temp"  was declared but never referenced
  	u16 temp;
..\HARDWARE\LCD\ili9488.c: 7 warnings, 0 errors
linking...
Program Size: Code=11798 RO-data=6574 RW-data=56 ZI-data=1848  
FromELF: creating hex file...
"..\OBJ\LCD.axf" - 0 Error(s), 7 Warning(s).

<h2>Collection of Component include folders:</h2>
  .\RTE\_LCD
  D:\Keil_v5\ARM\PACK\Keil\STM32F4xx_DFP\2.8.0\Drivers\CMSIS\Device\ST\STM32F4xx\Include

<h2>Collection of Component Files used:</h2>
Build Time Elapsed:  00:00:03
</pre>
</body>
</html>
